23:53:19 Build sandboxing disabled due to nsjail error.
Running product configuration...
============================================
PLATFORM_VERSION_CODENAME=REL
PLATFORM_VERSION=16
CUSTOM_VERSION=guacamole-16.2-20260408-1553
TARGET_PRODUCT=custom_guacamole
TARGET_BUILD_VARIANT=userdebug
TARGET_ARCH=arm64
TARGET_ARCH_VARIANT=armv8-2a-dotprod
TARGET_CPU_VARIANT=cortex-a76
TARGET_2ND_ARCH=arm
TARGET_2ND_ARCH_VARIANT=armv8-a
TARGET_2ND_CPU_VARIANT=cortex-a76
HOST_OS=linux
HOST_OS_EXTRA=Linux-6.8.0-107-generic-x86_64-Ubuntu-24.04.4-LTS
HOST_CROSS_OS=windows
BUILD_ID=BP4A.251205.006
OUT_DIR=out
WITH_GMS=true
PRODUCT_SOONG_NAMESPACES=vendor/oneplus/sm8150-common device/oneplus/sm8150-common hardware/oneplus vendor/oneplus/guacamole device/oneplus/guacamole vendor/pixel/clocks/common vendor/pixel/gms/common vendor/pixel/gsans/common vendor/pixel/launcher/common vendor/pixel/sounds/common vendor/pixel/themepicker/common hardware/qcom-caf/sm8150 hardware/qcom-caf/bootctrl vendor/qcom/opensource/commonsys/display vendor/qcom/opensource/commonsys-intf/display vendor/qcom/opensource/display vendor/qcom/opensource/data-ipa-cfg-mgr-legacy-um vendor/qcom/opensource/dataservices hardware/qcom-caf/thermal-legacy-um hardware/qcom-caf/wlan hardware/qcom-caf/wlan/qcwcn
SOONG_ONLY=false
============================================
[100% 1/1] bootstrap blueprint
Running globs...
ninja: no work to do.
device/oneplus/sm8150-common/common.mk was modified, regenerating...
Adding CUSTOM_LOCALES [ast_ES gd_GB cy_GB fur_IT nn_NO] to PRODUCT_LOCALES [en_US en_US af_ZA am_ET ar_EG ar_XB as_IN az_AZ be_BY bg_BG bn_BD bs_BA ca_ES cs_CZ da_DK de_DE el_GR en_AU en_CA en_GB en_IN en_XA es_ES es_US et_EE eu_ES fa_IR fi_FI fr_CA fr_FR gl_ES gu_IN hi_IN hr_HR hu_HU hy_AM in_ID is_IS it_IT iw_IL ja_JP ka_GE kk_KZ km_KH kn_IN ko_KR ky_KG lo_LA lt_LT lv_LV mk_MK ml_IN mn_MN mr_IN ms_MY my_MM nb_NO ne_NP nl_NL or_IN pa_IN pl_PL pt_BR pt_PT ro_RO ru_RU si_LK sk_SK sl_SI sq_AL sr_Latn_RS sr_RS sv_SE sw_TZ ta_IN te_IN th_TH tl_PH tr_TR uk_UA ur_PK uz_UZ vi_VN zh_CN zh_HK zh_TW zu_ZA en_XC]
device/oneplus/sm8150-common/common.mk was modified, regenerating...
[100% 2/2] initializing Make module parser
Adding CUSTOM_LOCALES [ast_ES gd_GB cy_GB fur_IT nn_NO] to PRODUCT_LOCALES [en_US en_US af_ZA am_ET ar_EG ar_XB as_IN az_AZ be_BY bg_BG bn_BD bs_BA ca_ES cs_CZ da_DK de_DE el_GR en_AU en_CA en_GB en_IN en_XA es_ES es_US et_EE eu_ES fa_IR fi_FI fr_CA fr_FR gl_ES gu_IN hi_IN hr_HR hu_HU hy_AM in_ID is_IS it_IT iw_IL ja_JP ka_GE kk_KZ km_KH kn_IN ko_KR ky_KG lo_LA lt_LT lv_LV mk_MK ml_IN mn_MN mr_IN ms_MY my_MM nb_NO ne_NP nl_NL or_IN pa_IN pl_PL pt_BR pt_PT ro_RO ru_RU si_LK sk_SK sl_SI sq_AL sr_Latn_RS sr_RS sv_SE sw_TZ ta_IN te_IN th_TH tl_PH tr_TR uk_UA ur_PK uz_UZ vi_VN zh_CN zh_HK zh_TW zu_ZA en_XC]
[ 11% 3/27] including out/soong/installs-custom_guacamole.mk
[ 14% 4/27] including out/soong/Android-custom_guacamole.mk
[ 18% 5/27] including build/make/target/board/android-info.mk
[ 22% 6/27] including bootable/deprecated-ota/updater/Android.mk
[ 25% 7/27] including device/amlogic/yukawa/Android.mk
[ 29% 8/27] including device/linaro/dragonboard/Android.mk
[ 33% 9/27] including device/linaro/hikey/Android.mk
[ 37% 10/27] including device/oneplus/guacamole/Android.mk
[ 40% 11/27] including device/oneplus/sm8150-common/Android.mk
[ 44% 12/27] including hardware/broadcom/libbt/Android.mk
[ 48% 13/27] including hardware/broadcom/wlan/bcmdhd/Android.mk
[ 51% 14/27] including hardware/invensense/Android.mk
[ 55% 15/27] including hardware/oneplus/Android.mk
[ 59% 16/27] including hardware/qcom/Android.mk
[ 62% 17/27] including hardware/synaptics/wlan/synadhd/Android.mk
[ 66% 18/27] including kernel/oneplus/sm8150/Android.mk
[ 70% 19/27] including vendor/oneplus/guacamole/Android.mk
[ 74% 20/27] including vendor/oneplus/sm8150-common/Android.mk
[ 77% 21/27] including vendor/pixel/clocks/common/Android.mk
[ 81% 22/27] including vendor/pixel/gms/Android.mk
[ 85% 23/27] including vendor/pixel/gsans/common/Android.mk
[ 88% 24/27] including vendor/pixel/launcher/common/Android.mk
[ 92% 25/27] including vendor/pixel/sounds/common/Android.mk
[ 96% 26/27] including vendor/pixel/themepicker/common/Android.mk
[100% 27/27] including out/soong/late-custom_guacamole.mk
[100% 28/28] finishing Make module rules
[100% 29/29] finishing Make module rules: Adding module dependencies
[100% 30/30] finishing Make packaging rules
[ 54% 31/57] including build/make/core/tasks/art-host-tests.mk
[ 56% 32/57] including build/make/core/tasks/art.mk
[ 57% 33/57] including build/make/core/tasks/berberis_test.mk
[ 59% 34/57] including build/make/core/tasks/build_custom_images.mk
[ 61% 35/57] including build/make/core/tasks/dex_preopt_check.mk
[ 63% 36/57] including build/make/core/tasks/find-shareduid-violation.mk
[ 64% 37/57] including build/make/core/tasks/fontchain_lint.mk
[ 66% 38/57] including build/make/core/tasks/host_init_verifier.mk
[ 68% 39/57] including build/make/core/tasks/meta-lic.mk
[ 70% 40/57] including build/make/core/tasks/module-info.mk
[ 71% 41/57] including build/make/core/tasks/oem_image.mk
[ 73% 42/57] including build/make/core/tasks/platform_availability_check.mk
[ 75% 43/57] including build/make/core/tasks/sdk-addon.mk
[ 77% 44/57] including build/make/core/tasks/sdv.mk
[ 78% 45/57] including build/make/core/tasks/vendor_module_check.mk
[ 80% 46/57] including build/make/core/tasks/with-license.mk
[ 82% 47/57] including vendor/custom/build/tasks/pixelos.mk
[ 84% 48/57] including vendor/lineage/build/tasks/bacon.mk
[ 85% 49/57] including vendor/lineage/build/tasks/build-manifest_xml.mk
[ 87% 50/57] including vendor/lineage/build/tasks/dt_image.mk
[ 89% 51/57] including vendor/lineage/build/tasks/generate_lineage_sdk_coverage.mk
[ 91% 52/57] including vendor/lineage/build/tasks/kernel.mk
[ 92% 53/57] including device/amlogic/yukawa/build/tasks/dtimages.mk
[ 94% 54/57] including device/generic/goldfish/build/tasks/combine_initramfs.mk
[ 96% 55/57] including device/linaro/dragonboard/build/tasks/kernel.mk
[ 98% 56/57] including device/linaro/hikey/build/tasks/dtimage.mk
[100% 57/57] finishing Make packaging rules
[100% 58/58] finishing Make packaging rules: Adding phony targets
[100% 59/59] finishing Make packaging rules: Checking licensing and SBOM
[100% 60/60] writing make module actions
device/oneplus/sm8150-common/Android.mk:18: warning: overriding commands for target `out/target/product/guacamole/vendor/firmware_mnt'
vendor/lineage/build/core/mkdir.mk:22: warning: ignoring old commands for target `out/target/product/guacamole/vendor/firmware_mnt'
device/oneplus/sm8150-common/Android.mk:23: warning: overriding commands for target `out/target/product/guacamole/vendor/bt_firmware'
vendor/lineage/build/core/mkdir.mk:22: warning: ignoring old commands for target `out/target/product/guacamole/vendor/bt_firmware'
device/oneplus/sm8150-common/Android.mk:28: warning: overriding commands for target `out/target/product/guacamole/vendor/dsp'
vendor/lineage/build/core/mkdir.mk:22: warning: ignoring old commands for target `out/target/product/guacamole/vendor/dsp'
No need to regenerate ninja file
Starting ninja...
[  2% 61/2893] //external/e2fsprogs/e2fsck:e2fsck clang badblocks.c
[  2% 62/2893] //external/e2fsprogs/e2fsck:e2fsck clang dirinfo.c
[  2% 63/2893] //external/e2fsprogs/e2fsck:e2fsck clang logfile.c
[  2% 64/2893] //external/e2fsprogs/e2fsck:e2fsck clang dx_dirinfo.c
[  2% 65/2893] //external/e2fsprogs/e2fsck:e2fsck clang util.c
[  2% 66/2893] //external/e2fsprogs/e2fsck:e2fsck clang ehandler.c
[  2% 67/2893] //external/e2fsprogs/e2fsck:e2fsck clang problem.c
[  2% 68/2893] //external/e2fsprogs/e2fsck:e2fsck clang recovery.c
[  2% 69/2893] //external/e2fsprogs/e2fsck:e2fsck clang unix.c
[  2% 70/2893] //external/e2fsprogs/e2fsck:e2fsck clang revoke.c
[  2% 71/2893] //external/e2fsprogs/e2fsck:e2fsck clang journal.c
[  2% 72/2893] //external/e2fsprogs/e2fsck:e2fsck clang quota.c
[  2% 73/2893] //external/e2fsprogs/e2fsck:e2fsck clang sigcatcher.c
[  2% 74/2893] //external/e2fsprogs/e2fsck:e2fsck clang region.c
[  2% 75/2893] //external/e2fsprogs/e2fsck:e2fsck clang ea_refcount.c
[  2% 76/2893] //external/e2fsprogs/e2fsck:e2fsck clang encrypted_files.c
[  2% 77/2893] //external/e2fsprogs/e2fsck:e2fsck clang readahead.c
[  2% 78/2893] //external/e2fsprogs/e2fsck:e2fsck clang message.c
[  2% 79/2893] //external/e2fsprogs/e2fsck:e2fsck clang extents.c
[  2% 80/2893] //external/e2fsprogs/e2fsck:e2fsck clang rehash.c
[  2% 81/2893] //system/core/init:init_second_stage.recovery raw librustlibs.rs
[  2% 82/2893] //external/erofs-utils:fsck.erofs.recovery clang fsck/main.c
[  2% 83/2893] //packages/modules/adb:libadb_sysdeps clang++ sysdeps/env.cpp
[  2% 84/2893] //device/oneplus/sm8150-common/gpt-utils:libgptutils.oneplus_msmnile clang++ gpt-utils.cpp
FAILED: out/soong/.intermediates/device/oneplus/sm8150-common/gpt-utils/libgptutils.oneplus_msmnile/android_recovery_arm64_armv8-2a-dotprod_cortex-a76_static/obj/device/oneplus/sm8150-common/gpt-utils/gpt-utils.o
PWD=/proc/self/cwd /usr/bin/ccache prebuilts/clang/host/linux-x86/clang-r563880c/bin/clang++ -c -nostdlibinc -D__ANDROID_RECOVERY__ -D__ANDROID_RAMDISK__  -Werror=implicit-function-declaration -D__BIONIC_DEPRECATED_PAGE_SIZE_MACRO -O2 -Wall -Wextra -Wpointer-arith -Wunguarded-availability -Werror=bool-operation -Werror=date-time -Werror=int-conversion -Werror=multichar -Werror=pragma-pack -Werror=pragma-pack-suspicious-include -Werror=sizeof-array-div -Werror=sizeof-pointer-memaccess -Werror=string-plus-int -Werror=unreachable-code-loop-increment -Wno-error=deprecated-declarations -Wno-error=unused-variable -Wno-c23-extensions -Wno-c99-designator -Wno-gnu-folding-constant -Wno-inconsistent-missing-override -Wno-error=reorder-init-list -Wno-reorder-init-list -Wno-sign-compare -Wno-unused -DANDROID -DNDEBUG -UDEBUG -D__compiler_offsetof=__builtin_offsetof -D__ANDROID_UNAVAILABLE_SYMBOLS_ARE_WEAK__ -faddrsig -fdebug-default-version=5 -fcolor-diagnostics -ffp-contract=off -fno-exceptions -fno-strict-aliasing -fmessage-length=0 -gsimple-template-names -gz=zstd -no-canonical-prefixes -fdebug-prefix-map=/proc/self/cwd= -ftrivial-auto-var-init=zero -Wno-unused-command-line-argument -g -ffunction-sections -fdata-sections -fno-short-enums -funwind-tables -fstack-protector-strong -Wa,--noexecstack -D_FORTIFY_SOURCE=3 -Werror=non-virtual-dtor -Werror=address -Werror=sequence-point -Werror=format-security -march=armv8.2-a+dotprod -mcpu=cortex-a55 -target aarch64-linux-android10000 -DANDROID_STRICT -fPIC -Wimplicit-fallthrough -D_LIBCPP_ENABLE_THREAD_SAFETY_ANNOTATIONS -Wno-gnu-include-next -fvisibility-inlines-hidden  -Idevice/oneplus/sm8150-common/gpt-utils -Idevice/oneplus/sm8150-common/gpt-utils -D__LIBC_API__=10000 -D__LIBM_API__=10000 -D__LIBDL_API__=10000 -Iout/soong/.intermediates/vendor/lineage/build/soong/generated_kernel_includes/gen/usr/audio/include/uapi -Iout/soong/.intermediates/vendor/lineage/build/soong/generated_kernel_includes/gen/usr/include -Iout/soong/.intermediates/vendor/lineage/build/soong/generated_kernel_includes/gen/usr/include/audio -Iout/soong/.intermediates/vendor/lineage/build/soong/generated_kernel_includes/gen/usr/include/audio/include/uapi -Iout/soong/.intermediates/vendor/lineage/build/soong/generated_kernel_includes/gen/usr/techpack/audio/include -Iprebuilts/clang/host/linux-x86/clang-r563880c/android_libc++/platform/aarch64/include/c++/v1 -Iprebuilts/clang/host/linux-x86/clang-r563880c/include/c++/v1 -Isystem/core/libcutils/include -Isystem/core/libprocessgroup/include -Isystem/logging/liblog/include -Iexternal/zlib -Ibionic/libc/async_safe/include -Ibionic/libc/system_properties/include -Isystem/core/property_service/libpropertyinfoparser/include -isystem bionic/libc/include -isystem bionic/libc/kernel/uapi/asm-arm64 -isystem bionic/libc/kernel/uapi -isystem bionic/libc/kernel/android/scsi -isystem bionic/libc/kernel/android/uapi -Wall -Werror -flto=thin -fsplit-lto-unit -std=gnu++20 -fno-rtti -Isystem/core/include -Isystem/logging/liblog/include -Isystem/media/audio/include -Ihardware/libhardware/include -Ihardware/libhardware_legacy/include -Ihardware/ril/include -Iframeworks/native/include -Iframeworks/native/opengl/include -Iframeworks/av/include  -Werror=address-of-temporary -Werror=dangling -Werror=format-insufficient-args -Werror=fortify-source -Werror=incompatible-function-pointer-types -Werror=int-in-bool-context -Werror=int-to-pointer-cast -Werror=null-dereference -Werror=return-type -Werror=xor-used-as-pow -Wno-missing-field-initializers -Wno-packed-non-pod -Wno-error=tautological-constant-compare -Wno-implicit-int-float-conversion -Wno-tautological-overlap-compare -Wno-deprecated-copy -Wno-zero-as-null-pointer-constant -Wno-deprecated-anon-enum-enum-conversion -Wno-deprecated-enum-enum-conversion -Wno-error=pessimizing-move -Wno-non-c-typedef-for-linkage -Wno-align-mismatch -Wno-error=unused-but-set-parameter -Wno-error=deprecated -Wno-error=invalid-offsetof -Wno-nontrivial-memcall -Wno-invalid-specialization -Wno-vla-cxx-extension -Wno-cast-function-type-mismatch  -MD -MF out/soong/.intermediates/device/oneplus/sm8150-common/gpt-utils/libgptutils.oneplus_msmnile/android_recovery_arm64_armv8-2a-dotprod_cortex-a76_static/obj/device/oneplus/sm8150-common/gpt-utils/gpt-utils.o.d -o out/soong/.intermediates/device/oneplus/sm8150-common/gpt-utils/libgptutils.oneplus_msmnile/android_recovery_arm64_armv8-2a-dotprod_cortex-a76_static/obj/device/oneplus/sm8150-common/gpt-utils/gpt-utils.o device/oneplus/sm8150-common/gpt-utils/gpt-utils.cpp
device/oneplus/sm8150-common/gpt-utils/gpt-utils.cpp:42:10: fatal error: 'scsi/ufs/ufs.h' file not found
   42 | #include <scsi/ufs/ufs.h>
      |          ^~~~~~~~~~~~~~~~
1 error generated.
[  2% 85/2893] //external/e2fsprogs/contrib/android:e2fsdroid.recovery link e2fsdroid
[  2% 86/2893] //packages/modules/adb/crypto:libadb_crypto clang++ x509_generator.cpp
[  3% 87/2893] //packages/modules/adb/tls:libadb_tls_connection clang++ adb_ca_list.cpp
[  3% 88/2893] //external/f2fs-tools:fsck.f2fs.recovery link fsck.f2fs
[  3% 89/2893] //packages/modules/adb/crypto:libadb_crypto clang++ key.cpp
[  3% 90/2893] //packages/modules/adb/proto:libadb_protos clang++ proto/packages/modules/adb/proto/key_type.pb.cc
[  3% 91/2893] //packages/modules/adb/proto:libadb_protos clang++ proto/packages/modules/adb/proto/adb_known_hosts.pb.cc
[  3% 92/2893] //packages/modules/adb/crypto:libadb_crypto clang++ rsa_2048_key.cpp
[  3% 93/2893] //system/apex/proto:lib_apex_manifest_proto_lite clang++ proto/system/apex/proto/apex_manifest.pb.cc [linux_glibc]
[  3% 94/2893] //build/soong/linkerconfig/proto:lib_linker_config_proto_lite clang++ proto/build/soong/linkerconfig/proto/linker_config.pb.cc [linux_glibc]
[  3% 95/2893] //packages/modules/adb/proto:libadb_protos clang++ proto/packages/modules/adb/proto/pairing.pb.cc
ninja: build stopped: subcommand failed.
23:59:13 ninja failed with: exit status 1

[0;31m#### failed to build some targets (06:00 (mm:ss)) ####[00m

